// Jest Snapshot v1, https://goo.gl/fbAQLP

exports[`component <TableCell /> should render correctly 1`] = `
.c0 {
  box-sizing: border-box;
  display: -webkit-box;
  display: -webkit-flex;
  display: -ms-flexbox;
  display: flex;
  -webkit-align-items: center;
  -webkit-box-align: center;
  -ms-flex-align: center;
  align-items: center;
  -webkit-flex-flow: row nowrap;
  -ms-flex-flow: row nowrap;
  flex-flow: row nowrap;
  -webkit-box-flex: 1;
  -webkit-flex-grow: 1;
  -ms-flex-positive: 1;
  flex-grow: 1;
  -webkit-flex-basis: 100px;
  -ms-flex-preferred-size: 100px;
  flex-basis: 100px;
  width: 100px;
  padding-left: calc(48px / 2);
  padding-right: calc(48px / 2);
  line-height: normal;
  font-weight: 400;
  font-size: 13px;
  color: rgba(0,0,0,.87);
  min-height: 48px;
  white-space: nowrap;
}

.c0:first-child {
  padding-left: 24px;
}

.c0:nth-child(2) {
  padding-left: 8px;
}

.c0:last-child {
  padding-right: 24px;
}

.c0 div,
.c0 span,
.c0 p {
  text-overflow: ellipsis;
  overflow: hidden;
  min-width: 0;
}

<div
  className="c0"
  onClick={[Function]}
  type={null}
>
  <TableCell__CellWrapper
    mobile={false}
    mobileBreakpoint="600px"
  >
    <div
      className="cell_wapper_mobile-header"
    />
    <div
      className="cell_wapper_content"
    />
  </TableCell__CellWrapper>
</div>
`;
